Archive member included to satisfy reference by file (symbol)

f:/stm/plugins/fr.ac6.mcu.externaltools.arm-none.win32_1.13.2.201705091103/tools/compiler/bin/../lib/gcc/arm-none-eabi/5.4.1/../../../../arm-none-eabi/lib/armv7e-m/fpu\libm.a(lib_a-wf_atan2.o)
                              Src/main.o (atan2f)
f:/stm/plugins/fr.ac6.mcu.externaltools.arm-none.win32_1.13.2.201705091103/tools/compiler/bin/../lib/gcc/arm-none-eabi/5.4.1/../../../../arm-none-eabi/lib/armv7e-m/fpu\libm.a(lib_a-ef_atan2.o)
                              f:/stm/plugins/fr.ac6.mcu.externaltools.arm-none.win32_1.13.2.201705091103/tools/compiler/bin/../lib/gcc/arm-none-eabi/5.4.1/../../../../arm-none-eabi/lib/armv7e-m/fpu\libm.a(lib_a-wf_atan2.o) (__ieee754_atan2f)
f:/stm/plugins/fr.ac6.mcu.externaltools.arm-none.win32_1.13.2.201705091103/tools/compiler/bin/../lib/gcc/arm-none-eabi/5.4.1/../../../../arm-none-eabi/lib/armv7e-m/fpu\libm.a(lib_a-sf_atan.o)
                              f:/stm/plugins/fr.ac6.mcu.externaltools.arm-none.win32_1.13.2.201705091103/tools/compiler/bin/../lib/gcc/arm-none-eabi/5.4.1/../../../../arm-none-eabi/lib/armv7e-m/fpu\libm.a(lib_a-ef_atan2.o) (atanf)
f:/stm/plugins/fr.ac6.mcu.externaltools.arm-none.win32_1.13.2.201705091103/tools/compiler/bin/../lib/gcc/arm-none-eabi/5.4.1/../../../../arm-none-eabi/lib/armv7e-m/fpu\libm.a(lib_a-sf_fabs.o)
                              f:/stm/plugins/fr.ac6.mcu.externaltools.arm-none.win32_1.13.2.201705091103/tools/compiler/bin/../lib/gcc/arm-none-eabi/5.4.1/../../../../arm-none-eabi/lib/armv7e-m/fpu\libm.a(lib_a-ef_atan2.o) (fabsf)
f:/stm/plugins/fr.ac6.mcu.externaltools.arm-none.win32_1.13.2.201705091103/tools/compiler/bin/../lib/gcc/arm-none-eabi/5.4.1/armv7e-m/fpu\libgcc.a(_arm_addsubdf3.o)
                              Src/main.o (__aeabi_dadd)
f:/stm/plugins/fr.ac6.mcu.externaltools.arm-none.win32_1.13.2.201705091103/tools/compiler/bin/../lib/gcc/arm-none-eabi/5.4.1/armv7e-m/fpu\libgcc.a(_arm_muldivdf3.o)
                              Src/main.o (__aeabi_dmul)
f:/stm/plugins/fr.ac6.mcu.externaltools.arm-none.win32_1.13.2.201705091103/tools/compiler/bin/../lib/gcc/arm-none-eabi/5.4.1/armv7e-m/fpu\libgcc.a(_arm_truncdfsf2.o)
                              Src/main.o (__aeabi_d2f)
f:/stm/plugins/fr.ac6.mcu.externaltools.arm-none.win32_1.13.2.201705091103/tools/compiler/bin/../lib/gcc/arm-none-eabi/5.4.1/../../../../arm-none-eabi/lib/armv7e-m/fpu\libc_nano.a(lib_a-exit.o)
                              f:/stm/plugins/fr.ac6.mcu.externaltools.arm-none.win32_1.13.2.201705091103/tools/compiler/bin/../lib/gcc/arm-none-eabi/5.4.1/../../../../arm-none-eabi/lib/armv7e-m/fpu/crt0.o (exit)
f:/stm/plugins/fr.ac6.mcu.externaltools.arm-none.win32_1.13.2.201705091103/tools/compiler/bin/../lib/gcc/arm-none-eabi/5.4.1/../../../../arm-none-eabi/lib/armv7e-m/fpu\libc_nano.a(lib_a-impure.o)
                              f:/stm/plugins/fr.ac6.mcu.externaltools.arm-none.win32_1.13.2.201705091103/tools/compiler/bin/../lib/gcc/arm-none-eabi/5.4.1/../../../../arm-none-eabi/lib/armv7e-m/fpu\libc_nano.a(lib_a-exit.o) (_global_impure_ptr)
f:/stm/plugins/fr.ac6.mcu.externaltools.arm-none.win32_1.13.2.201705091103/tools/compiler/bin/../lib/gcc/arm-none-eabi/5.4.1/../../../../arm-none-eabi/lib/armv7e-m/fpu\libc_nano.a(lib_a-init.o)
                              f:/stm/plugins/fr.ac6.mcu.externaltools.arm-none.win32_1.13.2.201705091103/tools/compiler/bin/../lib/gcc/arm-none-eabi/5.4.1/../../../../arm-none-eabi/lib/armv7e-m/fpu/crt0.o (__libc_init_array)
f:/stm/plugins/fr.ac6.mcu.externaltools.arm-none.win32_1.13.2.201705091103/tools/compiler/bin/../lib/gcc/arm-none-eabi/5.4.1/../../../../arm-none-eabi/lib/armv7e-m/fpu\libc_nano.a(lib_a-memset.o)
                              f:/stm/plugins/fr.ac6.mcu.externaltools.arm-none.win32_1.13.2.201705091103/tools/compiler/bin/../lib/gcc/arm-none-eabi/5.4.1/../../../../arm-none-eabi/lib/armv7e-m/fpu/crt0.o (memset)
f:/stm/plugins/fr.ac6.mcu.externaltools.arm-none.win32_1.13.2.201705091103/tools/compiler/bin/../lib/gcc/arm-none-eabi/5.4.1/../../../../arm-none-eabi/lib/armv7e-m/fpu\libnosys.a(_exit.o)
                              f:/stm/plugins/fr.ac6.mcu.externaltools.arm-none.win32_1.13.2.201705091103/tools/compiler/bin/../lib/gcc/arm-none-eabi/5.4.1/../../../../arm-none-eabi/lib/armv7e-m/fpu\libc_nano.a(lib_a-exit.o) (_exit)

Allocating common symbols
Common symbol       size              file

hspi2               0x58              Src/main.o
htim4               0x3c              Src/main.o
uwTick              0x4               Drivers/STM32F4xx_HAL_Driver/Src/stm32f4xx_hal.o
pFlash              0x20              Drivers/STM32F4xx_HAL_Driver/Src/stm32f4xx_hal_flash.o
L3DG20_Data         0x6               Src/main.o
sConfigOC           0x1c              Src/main.o
TM_L3GD20_INT_Scale
                    0x1               Src/stm32f4_discovery_l3gd20.o
hspi1               0x58              Src/main.o
[...]
Memory Configuration

Name             Origin             Length             Attributes
RAM              0x20000000         0x00020000         xrw
CCMRAM           0x10000000         0x00010000         rw
FLASH            0x08000000         0x00100000         xr
*default*        0x00000000         0xffffffff

Linker script and memory map

LOAD f:/stm/plugins/fr.ac6.mcu.externaltools.arm-none.win32_1.13.2.201705091103/tools/compiler/bin/../lib/gcc/arm-none-eabi/5.4.1/armv7e-m/fpu/crti.o
LOAD f:/stm/plugins/fr.ac6.mcu.externaltools.arm-none.win32_1.13.2.201705091103/tools/compiler/bin/../lib/gcc/arm-none-eabi/5.4.1/armv7e-m/fpu/crtbegin.o
LOAD f:/stm/plugins/fr.ac6.mcu.externaltools.arm-none.win32_1.13.2.201705091103/tools/compiler/bin/../lib/gcc/arm-none-eabi/5.4.1/../../../../arm-none-eabi/lib/armv7e-m/fpu/crt0.o
LOAD Drivers/STM32F4xx_HAL_Driver/Src/stm32f4xx_hal.o
LOAD Drivers/STM32F4xx_HAL_Driver/Src/stm32f4xx_hal_cortex.o
LOAD Drivers/STM32F4xx_HAL_Driver/Src/stm32f4xx_hal_dma.o
LOAD Drivers/STM32F4xx_HAL_Driver/Src/stm32f4xx_hal_dma_ex.o
LOAD Drivers/STM32F4xx_HAL_Driver/Src/stm32f4xx_hal_flash.o
LOAD Drivers/STM32F4xx_HAL_Driver/Src/stm32f4xx_hal_flash_ex.o
LOAD Drivers/STM32F4xx_HAL_Driver/Src/stm32f4xx_hal_flash_ramfunc.o
LOAD Drivers/STM32F4xx_HAL_Driver/Src/stm32f4xx_hal_gpio.o
LOAD Drivers/STM32F4xx_HAL_Driver/Src/stm32f4xx_hal_pwr.o
LOAD Drivers/STM32F4xx_HAL_Driver/Src/stm32f4xx_hal_pwr_ex.o
LOAD Drivers/STM32F4xx_HAL_Driver/Src/stm32f4xx_hal_rcc.o
LOAD Drivers/STM32F4xx_HAL_Driver/Src/stm32f4xx_hal_rcc_ex.o
LOAD Drivers/STM32F4xx_HAL_Driver/Src/stm32f4xx_hal_spi.o
LOAD Drivers/STM32F4xx_HAL_Driver/Src/stm32f4xx_hal_tim.o
LOAD Drivers/STM32F4xx_HAL_Driver/Src/stm32f4xx_hal_tim_ex.o
LOAD Src/main.o
LOAD Src/stm32f4_discovery_l3gd20.o
LOAD Src/stm32f4_discovery_lis302dl.o
LOAD Src/stm32f4xx_hal_msp.o
LOAD Src/stm32f4xx_it.o
LOAD Src/system_stm32f4xx.o
LOAD startup/startup_stm32f407xx.o
LOAD f:/stm/plugins/fr.ac6.mcu.externaltools.arm-none.win32_1.13.2.201705091103/tools/compiler/bin/../lib/gcc/arm-none-eabi/5.4.1/../../../../arm-none-eabi/lib/armv7e-m/fpu\libm.a
START GROUP
LOAD f:/stm/plugins/fr.ac6.mcu.externaltools.arm-none.win32_1.13.2.201705091103/tools/compiler/bin/../lib/gcc/arm-none-eabi/5.4.1/armv7e-m/fpu\libgcc.a
LOAD f:/stm/plugins/fr.ac6.mcu.externaltools.arm-none.win32_1.13.2.201705091103/tools/compiler/bin/../lib/gcc/arm-none-eabi/5.4.1/../../../../arm-none-eabi/lib/armv7e-m/fpu\libc_nano.a
END GROUP
START GROUP
LOAD f:/stm/plugins/fr.ac6.mcu.externaltools.arm-none.win32_1.13.2.201705091103/tools/compiler/bin/../lib/gcc/arm-none-eabi/5.4.1/armv7e-m/fpu\libgcc.a
LOAD f:/stm/plugins/fr.ac6.mcu.externaltools.arm-none.win32_1.13.2.201705091103/tools/compiler/bin/../lib/gcc/arm-none-eabi/5.4.1/../../../../arm-none-eabi/lib/armv7e-m/fpu\libc_nano.a
LOAD f:/stm/plugins/fr.ac6.mcu.externaltools.arm-none.win32_1.13.2.201705091103/tools/compiler/bin/../lib/gcc/arm-none-eabi/5.4.1/../../../../arm-none-eabi/lib/armv7e-m/fpu\libnosys.a
END GROUP
START GROUP
LOAD f:/stm/plugins/fr.ac6.mcu.externaltools.arm-none.win32_1.13.2.201705091103/tools/compiler/bin/../lib/gcc/arm-none-eabi/5.4.1/armv7e-m/fpu\libgcc.a
LOAD f:/stm/plugins/fr.ac6.mcu.externaltools.arm-none.win32_1.13.2.201705091103/tools/compiler/bin/../lib/gcc/arm-none-eabi/5.4.1/../../../../arm-none-eabi/lib/armv7e-m/fpu\libc_nano.a
LOAD f:/stm/plugins/fr.ac6.mcu.externaltools.arm-none.win32_1.13.2.201705091103/tools/compiler/bin/../lib/gcc/arm-none-eabi/5.4.1/../../../../arm-none-eabi/lib/armv7e-m/fpu\libnosys.a
END GROUP
LOAD f:/stm/plugins/fr.ac6.mcu.externaltools.arm-none.win32_1.13.2.201705091103/tools/compiler/bin/../lib/gcc/arm-none-eabi/5.4.1/armv7e-m/fpu/crtend.o
LOAD f:/stm/plugins/fr.ac6.mcu.externaltools.arm-none.win32_1.13.2.201705091103/tools/compiler/bin/../lib/gcc/arm-none-eabi/5.4.1/armv7e-m/fpu/crtn.o
                0x20020000                _estack = 0x20020000
                0x00000200                _Min_Heap_Size = 0x200
                0x00000400                _Min_Stack_Size = 0x400

.isr_vector     0x08000000      0x188
                0x08000000                . = ALIGN (0x4)
 *(.isr_vector)
 .isr_vector    0x08000000      0x188 startup/startup_stm32f407xx.o
                0x08000000                g_pfnVectors
                0x08000188                . = ALIGN (0x4)

.text           0x08000188     0x2e90
                0x08000188                . = ALIGN (0x4)
 *(.text)
 .text          0x08000188       0x5c f:/stm/plugins/fr.ac6.mcu.externaltools.arm-none.win32_1.13.2.201705091103/tools/compiler/bin/../lib/gcc/arm-none-eabi/5.4.1/armv7e-m/fpu/crtbegin.o
 .text          0x080001e4      0x370 f:/stm/plugins/fr.ac6.mcu.externaltools.arm-none.win32_1.13.2.201705091103/tools/compiler/bin/../lib/gcc/arm-none-eabi/5.4.1/armv7e-m/fpu\libgcc.a(_arm_addsubdf3.o)
                0x080001e4                __aeabi_drsub
                0x080001ec                __aeabi_dsub
                0x080001ec                __subdf3
                0x080001f0                __aeabi_dadd
                0x080001f0                __adddf3
                0x08000468                __floatunsidf
                0x08000468                __aeabi_ui2d
                0x08000488                __floatsidf
                0x08000488                __aeabi_i2d
                0x080004ac                __aeabi_f2d
                0x080004ac                __extendsfdf2
                0x080004e8                __floatundidf
                0x080004e8                __aeabi_ul2d
                0x080004f8                __floatdidf
                0x080004f8                __aeabi_l2d
 .text          0x08000554      0x424 f:/stm/plugins/fr.ac6.mcu.externaltools.arm-none.win32_1.13.2.201705091103/tools/compiler/bin/../lib/gcc/arm-none-eabi/5.4.1/armv7e-m/fpu\libgcc.a(_arm_muldivdf3.o)
                0x08000554                __aeabi_dmul
                0x08000554                __muldf3
                0x080007a8                __divdf3
                0x080007a8                __aeabi_ddiv
 .text          0x08000978       0xa0 f:/stm/plugins/fr.ac6.mcu.externaltools.arm-none.win32_1.13.2.201705091103/tools/compiler/bin/../lib/gcc/arm-none-eabi/5.4.1/armv7e-m/fpu\libgcc.a(_arm_truncdfsf2.o)
                0x08000978                __truncdfsf2
                0x08000978                __aeabi_d2f
 *(.text*)
 .text.HAL_InitTick
                0x08000a18       0x2c Drivers/STM32F4xx_HAL_Driver/Src/stm32f4xx_hal.o
                0x08000a18                HAL_InitTick
 .text.HAL_Init
                0x08000a44       0x34 Drivers/STM32F4xx_HAL_Driver/Src/stm32f4xx_hal.o
                0x08000a44                HAL_Init
 .text.HAL_IncTick
                0x08000a78       0x10 Drivers/STM32F4xx_HAL_Driver/Src/stm32f4xx_hal.o
                0x08000a78                HAL_IncTick
 .text.HAL_GetTick
                0x08000a88        0xc Drivers/STM32F4xx_HAL_Driver/Src/stm32f4xx_hal.o
                0x08000a88                HAL_GetTick
 .text.HAL_Delay
                0x08000a94       0x24 Drivers/STM32F4xx_HAL_Driver/Src/stm32f4xx_hal.o
                0x08000a94                HAL_Delay
 .text.HAL_NVIC_SetPriorityGrouping
                0x08000ab8       0x24 Drivers/STM32F4xx_HAL_Driver/Src/stm32f4xx_hal_cortex.o
                0x08000ab8                HAL_NVIC_SetPriorityGrouping
 .text.HAL_NVIC_SetPriority
                0x08000adc       0x64 Drivers/STM32F4xx_HAL_Driver/Src/stm32f4xx_hal_cortex.o
                0x08000adc                HAL_NVIC_SetPriority
 .text.HAL_SYSTICK_Config
                0x08000b40       0x2c Drivers/STM32F4xx_HAL_Driver/Src/stm32f4xx_hal_cortex.o
                0x08000b40                HAL_SYSTICK_Config
 .text.HAL_SYSTICK_CLKSourceConfig
                0x08000b6c       0x20 Drivers/STM32F4xx_HAL_Driver/Src/stm32f4xx_hal_cortex.o
                0x08000b6c                HAL_SYSTICK_CLKSourceConfig
 .text.HAL_SYSTICK_Callback
                0x08000b8c        0x4 Drivers/STM32F4xx_HAL_Driver/Src/stm32f4xx_hal_cortex.o
                0x08000b8c                HAL_SYSTICK_Callback
 .text.HAL_SYSTICK_IRQHandler
                0x08000b90        0x8 Drivers/STM32F4xx_HAL_Driver/Src/stm32f4xx_hal_cortex.o
                0x08000b90                HAL_SYSTICK_IRQHandler
 .text.HAL_GPIO_Init
                0x08000b98      0x1c0 Drivers/STM32F4xx_HAL_Driver/Src/stm32f4xx_hal_gpio.o
                0x08000b98                HAL_GPIO_Init
 .text.HAL_GPIO_WritePin
                0x08000d58        0xc Drivers/STM32F4xx_HAL_Driver/Src/stm32f4xx_hal_gpio.o
                0x08000d58                HAL_GPIO_WritePin
 .text.HAL_RCC_OscConfig
                0x08000d64      0x3c8 Drivers/STM32F4xx_HAL_Driver/Src/stm32f4xx_hal_rcc.o
                0x08000d64                HAL_RCC_OscConfig
 .text.HAL_RCC_GetSysClockFreq
                0x0800112c       0xa4 Drivers/STM32F4xx_HAL_Driver/Src/stm32f4xx_hal_rcc.o
                0x0800112c                HAL_RCC_GetSysClockFreq
 .text.HAL_RCC_ClockConfig
                0x080011d0      0x1b0 Drivers/STM32F4xx_HAL_Driver/Src/stm32f4xx_hal_rcc.o
                0x080011d0                HAL_RCC_ClockConfig
 .text.HAL_RCC_GetHCLKFreq
                0x08001380        0xc Drivers/STM32F4xx_HAL_Driver/Src/stm32f4xx_hal_rcc.o
                0x08001380                HAL_RCC_GetHCLKFreq
 .text.SPI_WaitFlagStateUntilTimeout
                0x0800138c       0x94 Drivers/STM32F4xx_HAL_Driver/Src/stm32f4xx_hal_spi.o
 .text.SPI_CheckFlag_BSY
                0x08001420       0x28 Drivers/STM32F4xx_HAL_Driver/Src/stm32f4xx_hal_spi.o
 .text.HAL_SPI_Init
                0x08001448       0x84 Drivers/STM32F4xx_HAL_Driver/Src/stm32f4xx_hal_spi.o
                0x08001448                HAL_SPI_Init
 .text.HAL_SPI_Transmit
                0x080014cc      0x1b0 Drivers/STM32F4xx_HAL_Driver/Src/stm32f4xx_hal_spi.o
                0x080014cc                HAL_SPI_Transmit
 .text.HAL_SPI_TransmitReceive
                0x0800167c      0x244 Drivers/STM32F4xx_HAL_Driver/Src/stm32f4xx_hal_spi.o
                0x0800167c                HAL_SPI_TransmitReceive
 .text.HAL_SPI_Receive
                0x080018c0      0x16c Drivers/STM32F4xx_HAL_Driver/Src/stm32f4xx_hal_spi.o
                0x080018c0                HAL_SPI_Receive
 .text.TIM_OC1_SetConfig
                0x08001a2c       0x68 Drivers/STM32F4xx_HAL_Driver/Src/stm32f4xx_hal_tim.o
 .text.TIM_OC3_SetConfig
                0x08001a94       0x6c Drivers/STM32F4xx_HAL_Driver/Src/stm32f4xx_hal_tim.o
 .text.TIM_OC4_SetConfig
                0x08001b00       0x5c Drivers/STM32F4xx_HAL_Driver/Src/stm32f4xx_hal_tim.o
 .text.TIM_TI1_ConfigInputStage
                0x08001b5c       0x28 Drivers/STM32F4xx_HAL_Driver/Src/stm32f4xx_hal_tim.o
 .text.TIM_TI2_ConfigInputStage
                0x08001b84       0x28 Drivers/STM32F4xx_HAL_Driver/Src/stm32f4xx_hal_tim.o
 .text.TIM_ITRx_SetConfig
                0x08001bac       0x10 Drivers/STM32F4xx_HAL_Driver/Src/stm32f4xx_hal_tim.o
 .text.TIM_ETR_SetConfig
                0x08001bbc       0x1c Drivers/STM32F4xx_HAL_Driver/Src/stm32f4xx_hal_tim.o
 .text.HAL_TIM_PWM_MspInit
                0x08001bd8        0x4 Drivers/STM32F4xx_HAL_Driver/Src/stm32f4xx_hal_tim.o
                0x08001bd8                HAL_TIM_PWM_MspInit
 .text.HAL_TIM_ConfigClockSource
                0x08001bdc      0x114 Drivers/STM32F4xx_HAL_Driver/Src/stm32f4xx_hal_tim.o
                0x08001bdc                HAL_TIM_ConfigClockSource
 .text.TIM_Base_SetConfig
                0x08001cf0      0x11c Drivers/STM32F4xx_HAL_Driver/Src/stm32f4xx_hal_tim.o
                0x08001cf0                TIM_Base_SetConfig
 .text.HAL_TIM_Base_Init
                0x08001e0c       0x38 Drivers/STM32F4xx_HAL_Driver/Src/stm32f4xx_hal_tim.o
                0x08001e0c                HAL_TIM_Base_Init
 .text.HAL_TIM_PWM_Init
                0x08001e44       0x38 Drivers/STM32F4xx_HAL_Driver/Src/stm32f4xx_hal_tim.o
                0x08001e44                HAL_TIM_PWM_Init
 .text.TIM_OC2_SetConfig
                0x08001e7c       0x70 Drivers/STM32F4xx_HAL_Driver/Src/stm32f4xx_hal_tim.o
                0x08001e7c                TIM_OC2_SetConfig
 .text.HAL_TIM_PWM_ConfigChannel
                0x08001eec       0xdc Drivers/STM32F4xx_HAL_Driver/Src/stm32f4xx_hal_tim.o
                0x08001eec                HAL_TIM_PWM_ConfigChannel
 .text.TIM_CCxChannelCmd
                0x08001fc8       0x20 Drivers/STM32F4xx_HAL_Driver/Src/stm32f4xx_hal_tim.o
                0x08001fc8                TIM_CCxChannelCmd
 .text.HAL_TIM_PWM_Start
                0x08001fe8       0x44 Drivers/STM32F4xx_HAL_Driver/Src/stm32f4xx_hal_tim.o
                0x08001fe8                HAL_TIM_PWM_Start
 .text.HAL_TIMEx_MasterConfigSynchronization
                0x0800202c       0x54 Drivers/STM32F4xx_HAL_Driver/Src/stm32f4xx_hal_tim_ex.o
                0x0800202c                HAL_TIMEx_MasterConfigSynchronization
 .text.MX_GPIO_Init
                0x08002080      0x144 Src/main.o
 .text.Accelero_Init
                0x080021c4       0x2c Src/main.o
                0x080021c4                Accelero_Init
 .text.stepSpeed
                0x080021f0       0x54 Src/main.o
                0x080021f0                stepSpeed
 .text.setDirection
                0x08002244       0x44 Src/main.o
                0x08002244                setDirection
 .text.pause    0x08002288       0x24 Src/main.o
                0x08002288                pause
 .text.readData
                0x080022ac       0x84 Src/main.o
                0x080022ac                readData
 .text._Error_Handler
                0x08002330        0x4 Src/main.o
                0x08002330                _Error_Handler
 .text.MX_TIM4_Init
                0x08002334       0xb0 Src/main.o
 .text.MX_SPI1_Init
                0x080023e4       0x48 Src/main.o
 .text.MX_SPI2_Init
                0x0800242c       0x48 Src/main.o
 .text.SystemClock_Config
                0x08002474       0xa8 Src/main.o
                0x08002474                SystemClock_Config
 *fill*         0x0800251c        0x4 
 .text.main     0x08002520      0x2a4 Src/main.o
                0x08002520                main
 .text.TM_L3GD20_READ_REG
                0x080027c4       0x50 Src/stm32f4_discovery_l3gd20.o
                0x080027c4                TM_L3GD20_READ_REG
 .text.TM_L3GD20_Read
                0x08002814       0x9c Src/stm32f4_discovery_l3gd20.o
                0x08002814                TM_L3GD20_Read
 .text.TM_L3GD20_WRITE_REG
                0x080028b0       0x3c Src/stm32f4_discovery_l3gd20.o
                0x080028b0                TM_L3GD20_WRITE_REG
 .text.TM_L3GD20_Init
                0x080028ec       0x38 Src/stm32f4_discovery_l3gd20.o
                0x080028ec                TM_L3GD20_Init
 .text.LIS302DL_Write
                0x08002924       0x58 Src/stm32f4_discovery_lis302dl.o
                0x08002924                LIS302DL_Write
 .text.LIS302DL_Init
                0x0800297c       0x2c Src/stm32f4_discovery_lis302dl.o
                0x0800297c                LIS302DL_Init
 .text.LIS302DL_Read
                0x080029a8       0x68 Src/stm32f4_discovery_lis302dl.o
                0x080029a8                LIS302DL_Read
 .text.TM_LIS302DL_Read
                0x08002a10       0x28 Src/stm32f4_discovery_lis302dl.o
                0x08002a10                TM_LIS302DL_Read
 .text.HAL_MspInit
                0x08002a38       0x60 Src/stm32f4xx_hal_msp.o
                0x08002a38                HAL_MspInit
 .text.HAL_SPI_MspInit
                0x08002a98       0xac Src/stm32f4xx_hal_msp.o
                0x08002a98                HAL_SPI_MspInit
 .text.HAL_TIM_Base_MspInit
                0x08002b44       0x30 Src/stm32f4xx_hal_msp.o
                0x08002b44                HAL_TIM_Base_MspInit
 .text.HAL_TIM_MspPostInit
                0x08002b74       0x38 Src/stm32f4xx_hal_msp.o
                0x08002b74                HAL_TIM_MspPostInit
 .text.NMI_Handler
                0x08002bac        0x4 Src/stm32f4xx_it.o
                0x08002bac                NMI_Handler
 .text.HardFault_Handler
                0x08002bb0        0x4 Src/stm32f4xx_it.o
                0x08002bb0                HardFault_Handler
 .text.MemManage_Handler
                0x08002bb4        0x4 Src/stm32f4xx_it.o
                0x08002bb4                MemManage_Handler
 .text.BusFault_Handler
                0x08002bb8        0x4 Src/stm32f4xx_it.o
                0x08002bb8                BusFault_Handler
 .text.UsageFault_Handler
                0x08002bbc        0x4 Src/stm32f4xx_it.o
                0x08002bbc                UsageFault_Handler
 .text.SVC_Handler
                0x08002bc0        0x4 Src/stm32f4xx_it.o
                0x08002bc0                SVC_Handler
 .text.DebugMon_Handler
                0x08002bc4        0x4 Src/stm32f4xx_it.o
                0x08002bc4                DebugMon_Handler
 .text.PendSV_Handler
                0x08002bc8        0x4 Src/stm32f4xx_it.o
                0x08002bc8                PendSV_Handler
 .text.SysTick_Handler
                0x08002bcc        0xc Src/stm32f4xx_it.o
                0x08002bcc                SysTick_Handler
 .text.TIM4_IRQHandler
                0x08002bd8        0x4 Src/stm32f4xx_it.o
                0x08002bd8                TIM4_IRQHandler
 .text.SystemInit
                0x08002bdc       0x4c Src/system_stm32f4xx.o
                0x08002bdc                SystemInit
 .text.Reset_Handler
                0x08002c28       0x50 startup/startup_stm32f407xx.o
                0x08002c28                Reset_Handler
 .text.Default_Handler
                0x08002c78        0x2 startup/startup_stm32f407xx.o
                0x08002c78                RTC_Alarm_IRQHandler
                0x08002c78                HASH_RNG_IRQHandler
                0x08002c78                EXTI2_IRQHandler
                0x08002c78                TIM8_CC_IRQHandler
                0x08002c78                TIM1_CC_IRQHandler
                0x08002c78                DMA2_Stream5_IRQHandler
                0x08002c78                DMA1_Stream5_IRQHandler
                0x08002c78                PVD_IRQHandler
                0x08002c78                SDIO_IRQHandler
                0x08002c78                TAMP_STAMP_IRQHandler
                0x08002c78                CAN2_RX1_IRQHandler
                0x08002c78                EXTI3_IRQHandler
                0x08002c78                TIM8_TRG_COM_TIM14_IRQHandler
                0x08002c78                TIM1_UP_TIM10_IRQHandler
                0x08002c78                TIM8_UP_TIM13_IRQHandler
                0x08002c78                I2C3_ER_IRQHandler
                0x08002c78                EXTI0_IRQHandler
                0x08002c78                I2C2_EV_IRQHandler
                0x08002c78                DMA1_Stream2_IRQHandler
                0x08002c78                CAN1_RX0_IRQHandler
                0x08002c78                FPU_IRQHandler
                0x08002c78                OTG_HS_WKUP_IRQHandler
                0x08002c78                CAN2_SCE_IRQHandler
                0x08002c78                DMA2_Stream2_IRQHandler
                0x08002c78                SPI1_IRQHandler
                0x08002c78                TIM6_DAC_IRQHandler
                0x08002c78                TIM1_BRK_TIM9_IRQHandler
                0x08002c78                DCMI_IRQHandler
                0x08002c78                CAN2_RX0_IRQHandler
                0x08002c78                DMA2_Stream3_IRQHandler
                0x08002c78                USART6_IRQHandler
                0x08002c78                USART3_IRQHandler
                0x08002c78                CAN1_RX1_IRQHandler
                0x08002c78                UART5_IRQHandler
                0x08002c78                DMA2_Stream0_IRQHandler
                0x08002c78                I2C1_EV_IRQHandler
                0x08002c78                DMA1_Stream6_IRQHandler
                0x08002c78                DMA1_Stream1_IRQHandler
                0x08002c78                UART4_IRQHandler
                0x08002c78                TIM3_IRQHandler
                0x08002c78                RCC_IRQHandler
                0x08002c78                TIM8_BRK_TIM12_IRQHandler
                0x08002c78                Default_Handler
                0x08002c78                EXTI15_10_IRQHandler
                0x08002c78                ADC_IRQHandler
                0x08002c78                DMA1_Stream7_IRQHandler
                0x08002c78                TIM7_IRQHandler
                0x08002c78                CAN2_TX_IRQHandler
                0x08002c78                TIM5_IRQHandler
                0x08002c78                DMA2_Stream7_IRQHandler
                0x08002c78                I2C3_EV_IRQHandler
                0x08002c78                EXTI9_5_IRQHandler
                0x08002c78                RTC_WKUP_IRQHandler
                0x08002c78                ETH_WKUP_IRQHandler
                0x08002c78                SPI2_IRQHandler
                0x08002c78                OTG_HS_EP1_IN_IRQHandler
                0x08002c78                DMA1_Stream0_IRQHandler
                0x08002c78                CAN1_TX_IRQHandler
                0x08002c78                EXTI4_IRQHandler
                0x08002c78                FSMC_IRQHandler
                0x08002c78                ETH_IRQHandler
                0x08002c78                OTG_HS_EP1_OUT_IRQHandler
                0x08002c78                WWDG_IRQHandler
                0x08002c78                TIM2_IRQHandler
                0x08002c78                OTG_FS_WKUP_IRQHandler
                0x08002c78                TIM1_TRG_COM_TIM11_IRQHandler
                0x08002c78                OTG_HS_IRQHandler
                0x08002c78                EXTI1_IRQHandler
                0x08002c78                USART2_IRQHandler
                0x08002c78                I2C2_ER_IRQHandler
                0x08002c78                DMA2_Stream1_IRQHandler
                0x08002c78                CAN1_SCE_IRQHandler
                0x08002c78                FLASH_IRQHandler
                0x08002c78                DMA2_Stream4_IRQHandler
                0x08002c78                USART1_IRQHandler
                0x08002c78                OTG_FS_IRQHandler
                0x08002c78                SPI3_IRQHandler
                0x08002c78                DMA1_Stream4_IRQHandler
                0x08002c78                I2C1_ER_IRQHandler
                0x08002c78                DMA2_Stream6_IRQHandler
                0x08002c78                DMA1_Stream3_IRQHandler
 *fill*         0x08002c7a        0x2 
 .text.atan2f   0x08002c7c        0x4 f:/stm/plugins/fr.ac6.mcu.externaltools.arm-none.win32_1.13.2.201705091103/tools/compiler/bin/../lib/gcc/arm-none-eabi/5.4.1/../../../../arm-none-eabi/lib/armv7e-m/fpu\libm.a(lib_a-wf_atan2.o)
                0x08002c7c                atan2f
 .text.__ieee754_atan2f
                0x08002c80      0x16c f:/stm/plugins/fr.ac6.mcu.externaltools.arm-none.win32_1.13.2.201705091103/tools/compiler/bin/../lib/gcc/arm-none-eabi/5.4.1/../../../../arm-none-eabi/lib/armv7e-m/fpu\libm.a(lib_a-ef_atan2.o)
                0x08002c80                __ieee754_atan2f
 .text.atanf    0x08002dec      0x1b8 f:/stm/plugins/fr.ac6.mcu.externaltools.arm-none.win32_1.13.2.201705091103/tools/compiler/bin/../lib/gcc/arm-none-eabi/5.4.1/../../../../arm-none-eabi/lib/armv7e-m/fpu\libm.a(lib_a-sf_atan.o)
                0x08002dec                atanf
 .text.fabsf    0x08002fa4       0x10 f:/stm/plugins/fr.ac6.mcu.externaltools.arm-none.win32_1.13.2.201705091103/tools/compiler/bin/../lib/gcc/arm-none-eabi/5.4.1/../../../../arm-none-eabi/lib/armv7e-m/fpu\libm.a(lib_a-sf_fabs.o)
                0x08002fa4                fabsf
 .text.__libc_init_array
                0x08002fb4       0x4c f:/stm/plugins/fr.ac6.mcu.externaltools.arm-none.win32_1.13.2.201705091103/tools/compiler/bin/../lib/gcc/arm-none-eabi/5.4.1/../../../../arm-none-eabi/lib/armv7e-m/fpu\libc_nano.a(lib_a-init.o)
                0x08002fb4                __libc_init_array
 *(.glue_7)
 .glue_7        0x08003000        0x0 linker stubs
 *(.glue_7t)
 .glue_7t       0x08003000        0x0 linker stubs
 *(.eh_frame)
 .eh_frame      0x08003000        0x0 f:/stm/plugins/fr.ac6.mcu.externaltools.arm-none.win32_1.13.2.201705091103/tools/compiler/bin/../lib/gcc/arm-none-eabi/5.4.1/armv7e-m/fpu/crtbegin.o
 *(.init)
 .init          0x08003000        0x4 f:/stm/plugins/fr.ac6.mcu.externaltools.arm-none.win32_1.13.2.201705091103/tools/compiler/bin/../lib/gcc/arm-none-eabi/5.4.1/armv7e-m/fpu/crti.o
                0x08003000                _init
 .init          0x08003004        0x8 f:/stm/plugins/fr.ac6.mcu.externaltools.arm-none.win32_1.13.2.201705091103/tools/compiler/bin/../lib/gcc/arm-none-eabi/5.4.1/armv7e-m/fpu/crtn.o
 *(.fini)
 .fini          0x0800300c        0x4 f:/stm/plugins/fr.ac6.mcu.externaltools.arm-none.win32_1.13.2.201705091103/tools/compiler/bin/../lib/gcc/arm-none-eabi/5.4.1/armv7e-m/fpu/crti.o
                0x0800300c                _fini
 .fini          0x08003010        0x8 f:/stm/plugins/fr.ac6.mcu.externaltools.arm-none.win32_1.13.2.201705091103/tools/compiler/bin/../lib/gcc/arm-none-eabi/5.4.1/armv7e-m/fpu/crtn.o
                0x08003018                . = ALIGN (0x4)
                0x08003018                _etext = .

.vfp11_veneer   0x08003018        0x0
 .vfp11_veneer  0x08003018        0x0 linker stubs

.v4_bx          0x08003018        0x0
 .v4_bx         0x08003018        0x0 linker stubs

.iplt           0x08003018        0x0
 .iplt          0x08003018        0x0 f:/stm/plugins/fr.ac6.mcu.externaltools.arm-none.win32_1.13.2.201705091103/tools/compiler/bin/../lib/gcc/arm-none-eabi/5.4.1/armv7e-m/fpu/crtbegin.o

.rodata         0x08003018       0x48
                0x08003018                . = ALIGN (0x4)
 *(.rodata)
 .rodata        0x08003018       0x18 Src/system_stm32f4xx.o
                0x08003018                AHBPrescTable
                0x08003028                APBPrescTable
 *(.rodata*)
 .rodata.str1.4
                0x08003030       0x10 Src/main.o
                                  0xe (size before relaxing)
 .rodata.atanlo
                0x08003040       0x10 f:/stm/plugins/fr.ac6.mcu.externaltools.arm-none.win32_1.13.2.201705091103/tools/compiler/bin/../lib/gcc/arm-none-eabi/5.4.1/../../../../arm-none-eabi/lib/armv7e-m/fpu\libm.a(lib_a-sf_atan.o)
 .rodata.atanhi
                0x08003050       0x10 f:/stm/plugins/fr.ac6.mcu.externaltools.arm-none.win32_1.13.2.201705091103/tools/compiler/bin/../lib/gcc/arm-none-eabi/5.4.1/../../../../arm-none-eabi/lib/armv7e-m/fpu\libm.a(lib_a-sf_atan.o)
                0x08003060                . = ALIGN (0x4)

.rel.dyn        0x08003060        0x0
 .rel.iplt      0x08003060        0x0 f:/stm/plugins/fr.ac6.mcu.externaltools.arm-none.win32_1.13.2.201705091103/tools/compiler/bin/../lib/gcc/arm-none-eabi/5.4.1/armv7e-m/fpu/crtbegin.o

.ARM.extab
 *(.ARM.extab* .gnu.linkonce.armextab.*)

.ARM            0x08003060        0x0
                0x08003060                __exidx_start = .
 *(.ARM.exidx*)
                0x08003060                __exidx_end = .

.preinit_array  0x08003060        0x0
                0x08003060                PROVIDE (__preinit_array_start, .)
 *(.preinit_array*)
                0x08003060                PROVIDE (__preinit_array_end, .)

.init_array     0x08003060        0x4
                0x08003060                PROVIDE (__init_array_start, .)
 *(SORT(.init_array.*))
 *(.init_array*)
 .init_array    0x08003060        0x4 f:/stm/plugins/fr.ac6.mcu.externaltools.arm-none.win32_1.13.2.201705091103/tools/compiler/bin/../lib/gcc/arm-none-eabi/5.4.1/armv7e-m/fpu/crtbegin.o
                0x08003064                PROVIDE (__init_array_end, .)

.fini_array     0x08003064        0x4
                [!provide]                PROVIDE (__fini_array_start, .)
 *(SORT(.fini_array.*))
 *(.fini_array*)
 .fini_array    0x08003064        0x4 f:/stm/plugins/fr.ac6.mcu.externaltools.arm-none.win32_1.13.2.201705091103/tools/compiler/bin/../lib/gcc/arm-none-eabi/5.4.1/armv7e-m/fpu/crtbegin.o
                [!provide]                PROVIDE (__fini_array_end, .)
                0x08003068                _sidata = LOADADDR (.data)

.data           0x20000000        0x8 load address 0x08003068
                0x20000000                . = ALIGN (0x4)
                0x20000000                _sdata = .
 *(.data)
 .data          0x20000000        0x4 Src/main.o
                0x20000000                gyroYangle
 .data          0x20000004        0x4 Src/system_stm32f4xx.o
                0x20000004                SystemCoreClock
 *(.data*)
                0x20000008                . = ALIGN (0x4)
                0x20000008                _edata = .
                0x08003070                _siccmram = LOADADDR (.ccmram)

.jcr            0x20000008        0x0 load address 0x08003070
 .jcr           0x20000008        0x0 f:/stm/plugins/fr.ac6.mcu.externaltools.arm-none.win32_1.13.2.201705091103/tools/compiler/bin/../lib/gcc/arm-none-eabi/5.4.1/armv7e-m/fpu/crtbegin.o

.igot.plt       0x20000008        0x0 load address 0x08003070
 .igot.plt      0x20000008        0x0 f:/stm/plugins/fr.ac6.mcu.externaltools.arm-none.win32_1.13.2.201705091103/tools/compiler/bin/../lib/gcc/arm-none-eabi/5.4.1/armv7e-m/fpu/crtbegin.o

.ccmram         0x10000000        0x0 load address 0x08003070
                0x10000000                . = ALIGN (0x4)
                0x10000000                _sccmram = .
 *(.ccmram)
 *(.ccmram*)
                0x10000000                . = ALIGN (0x4)
                0x10000000                _eccmram = .
                0x10000000                . = ALIGN (0x4)

.bss            0x20000008      0x174
                0x20000008                _sbss = .
                0x20000008                __bss_start__ = _sbss
 *(.bss)
 .bss           0x20000008       0x1c f:/stm/plugins/fr.ac6.mcu.externaltools.arm-none.win32_1.13.2.201705091103/tools/compiler/bin/../lib/gcc/arm-none-eabi/5.4.1/armv7e-m/fpu/crtbegin.o
 .bss           0x20000024       0x40 Src/main.o
                0x20000024                Acc_X
                0x20000028                Acc_Y
                0x2000002c                Acc_Z
                0x20000030                gyro_X
                0x20000034                gyro_Y
                0x20000038                gyro_Z
                0x2000003c                roll
                0x20000040                pitch
                0x20000044                compAngleX
                0x20000048                compAngleY
                0x2000004c                error
                0x20000050                interval
                0x20000054                duty
                0x20000058                lasterror
                0x2000005c                PrescalerValue
                0x20000060                gyroXangle
 *(.bss*)
 *(COMMON)
 COMMON         0x20000064        0x4 Drivers/STM32F4xx_HAL_Driver/Src/stm32f4xx_hal.o
                0x20000064                uwTick
 COMMON         0x20000068      0x113 Src/main.o
                0x20000068                hspi2
                0x200000c0                htim4
                0x200000fc                L3DG20_Data
                0x20000104                sConfigOC
                0x20000120                hspi1
                0x20000178                LIS302DL_Data
                0x2000017c                . = ALIGN (0x4)
 *fill*         0x2000017b        0x1 
                0x2000017c                _ebss = .
                0x2000017c                __bss_end__ = _ebss

._user_heap_stack
                0x2000017c      0x604
                0x20000180                . = ALIGN (0x8)
 *fill*         0x2000017c        0x4 
                [!provide]                PROVIDE (end, .)
                [!provide]                PROVIDE (_end, .)
                0x20000380                . = (. + _Min_Heap_Size)
 *fill*         0x20000180      0x200 
                0x20000780                . = (. + _Min_Stack_Size)
 *fill*         0x20000380      0x400 
                0x20000780                . = ALIGN (0x8)

/DISCARD/
 libc.a(*)
 libm.a(*)
 libgcc.a(*)

.ARM.attributes
                0x00000000       0x30
 *(.ARM.attributes)
 .ARM.attributes
                0x00000000       0x22 f:/stm/plugins/fr.ac6.mcu.externaltools.arm-none.win32_1.13.2.201705091103/tools/compiler/bin/../lib/gcc/arm-none-eabi/5.4.1/armv7e-m/fpu/crti.o
 .ARM.attributes
                0x00000022       0x34 f:/stm/plugins/fr.ac6.mcu.externaltools.arm-none.win32_1.13.2.201705091103/tools/compiler/bin/../lib/gcc/arm-none-eabi/5.4.1/armv7e-m/fpu/crtbegin.o
 .ARM.attributes
                0x00000056       0x39 Drivers/STM32F4xx_HAL_Driver/Src/stm32f4xx_hal.o
 .ARM.attributes
                0x0000008f       0x39 Drivers/STM32F4xx_HAL_Driver/Src/stm32f4xx_hal_cortex.o
 .ARM.attributes
                0x000000c8       0x39 Drivers/STM32F4xx_HAL_Driver/Src/stm32f4xx_hal_gpio.o
 .ARM.attributes
                0x00000101       0x39 Drivers/STM32F4xx_HAL_Driver/Src/stm32f4xx_hal_rcc.o
 .ARM.attributes
                0x0000013a       0x39 Drivers/STM32F4xx_HAL_Driver/Src/stm32f4xx_hal_spi.o
 .ARM.attributes
                0x00000173       0x39 Drivers/STM32F4xx_HAL_Driver/Src/stm32f4xx_hal_tim.o
 .ARM.attributes
                0x000001ac       0x39 Drivers/STM32F4xx_HAL_Driver/Src/stm32f4xx_hal_tim_ex.o
 .ARM.attributes
                0x000001e5       0x39 Src/main.o
 .ARM.attributes
                0x0000021e       0x39 Src/stm32f4_discovery_l3gd20.o
 .ARM.attributes
                0x00000257       0x39 Src/stm32f4_discovery_lis302dl.o
 .ARM.attributes
                0x00000290       0x39 Src/stm32f4xx_hal_msp.o
 .ARM.attributes
                0x000002c9       0x39 Src/stm32f4xx_it.o
 .ARM.attributes
                0x00000302       0x39 Src/system_stm32f4xx.o
 .ARM.attributes
                0x0000033b       0x21 startup/startup_stm32f407xx.o
 .ARM.attributes
                0x0000035c       0x34 f:/stm/plugins/fr.ac6.mcu.externaltools.arm-none.win32_1.13.2.201705091103/tools/compiler/bin/../lib/gcc/arm-none-eabi/5.4.1/../../../../arm-none-eabi/lib/armv7e-m/fpu\libm.a(lib_a-wf_atan2.o)
 .ARM.attributes
                0x00000390       0x34 f:/stm/plugins/fr.ac6.mcu.externaltools.arm-none.win32_1.13.2.201705091103/tools/compiler/bin/../lib/gcc/arm-none-eabi/5.4.1/../../../../arm-none-eabi/lib/armv7e-m/fpu\libm.a(lib_a-ef_atan2.o)
 .ARM.attributes
                0x000003c4       0x34 f:/stm/plugins/fr.ac6.mcu.externaltools.arm-none.win32_1.13.2.201705091103/tools/compiler/bin/../lib/gcc/arm-none-eabi/5.4.1/../../../../arm-none-eabi/lib/armv7e-m/fpu\libm.a(lib_a-sf_atan.o)
 .ARM.attributes
                0x000003f8       0x34 f:/stm/plugins/fr.ac6.mcu.externaltools.arm-none.win32_1.13.2.201705091103/tools/compiler/bin/../lib/gcc/arm-none-eabi/5.4.1/../../../../arm-none-eabi/lib/armv7e-m/fpu\libm.a(lib_a-sf_fabs.o)
 .ARM.attributes
                0x0000042c       0x22 f:/stm/plugins/fr.ac6.mcu.externaltools.arm-none.win32_1.13.2.201705091103/tools/compiler/bin/../lib/gcc/arm-none-eabi/5.4.1/armv7e-m/fpu\libgcc.a(_arm_addsubdf3.o)
 .ARM.attributes
                0x0000044e       0x22 f:/stm/plugins/fr.ac6.mcu.externaltools.arm-none.win32_1.13.2.201705091103/tools/compiler/bin/../lib/gcc/arm-none-eabi/5.4.1/armv7e-m/fpu\libgcc.a(_arm_muldivdf3.o)
 .ARM.attributes
                0x00000470       0x22 f:/stm/plugins/fr.ac6.mcu.externaltools.arm-none.win32_1.13.2.201705091103/tools/compiler/bin/../lib/gcc/arm-none-eabi/5.4.1/armv7e-m/fpu\libgcc.a(_arm_truncdfsf2.o)
 .ARM.attributes
                0x00000492       0x34 f:/stm/plugins/fr.ac6.mcu.externaltools.arm-none.win32_1.13.2.201705091103/tools/compiler/bin/../lib/gcc/arm-none-eabi/5.4.1/../../../../arm-none-eabi/lib/armv7e-m/fpu\libc_nano.a(lib_a-init.o)
 .ARM.attributes
                0x000004c6       0x22 f:/stm/plugins/fr.ac6.mcu.externaltools.arm-none.win32_1.13.2.201705091103/tools/compiler/bin/../lib/gcc/arm-none-eabi/5.4.1/armv7e-m/fpu/crtn.o
OUTPUT(CubeStepper.elf elf32-littlearm)

.debug_info     0x00000000     0xd0f8
 .debug_info    0x00000000      0x928 Drivers/STM32F4xx_HAL_Driver/Src/stm32f4xx_hal.o
 .debug_info    0x00000928      0xf0d Drivers/STM32F4xx_HAL_Driver/Src/stm32f4xx_hal_cortex.o
 .debug_info    0x00001835      0x72a Drivers/STM32F4xx_HAL_Driver/Src/stm32f4xx_hal_gpio.o
 .debug_info    0x00001f5f      0xce5 Drivers/STM32F4xx_HAL_Driver/Src/stm32f4xx_hal_rcc.o
 .debug_info    0x00002c44     0x19ea Drivers/STM32F4xx_HAL_Driver/Src/stm32f4xx_hal_spi.o
 .debug_info    0x0000462e     0x2e14 Drivers/STM32F4xx_HAL_Driver/Src/stm32f4xx_hal_tim.o
 .debug_info    0x00007442     0x12a5 Drivers/STM32F4xx_HAL_Driver/Src/stm32f4xx_hal_tim_ex.o
 .debug_info    0x000086e7     0x1afb Src/main.o
 .debug_info    0x0000a1e2      0xab0 Src/stm32f4_discovery_l3gd20.o
 .debug_info    0x0000ac92      0xd06 Src/stm32f4_discovery_lis302dl.o
 .debug_info    0x0000b998      0xfd3 Src/stm32f4xx_hal_msp.o
 .debug_info    0x0000c96b      0x20c Src/stm32f4xx_it.o
 .debug_info    0x0000cb77      0x500 Src/system_stm32f4xx.o
 .debug_info    0x0000d077       0x81 startup/startup_stm32f407xx.o

.debug_abbrev   0x00000000     0x1a96
 .debug_abbrev  0x00000000      0x25c Drivers/STM32F4xx_HAL_Driver/Src/stm32f4xx_hal.o
 .debug_abbrev  0x0000025c      0x2fe Drivers/STM32F4xx_HAL_Driver/Src/stm32f4xx_hal_cortex.o
 .debug_abbrev  0x0000055a      0x1cd Drivers/STM32F4xx_HAL_Driver/Src/stm32f4xx_hal_gpio.o
 .debug_abbrev  0x00000727      0x2b0 Drivers/STM32F4xx_HAL_Driver/Src/stm32f4xx_hal_rcc.o
 .debug_abbrev  0x000009d7      0x23d Drivers/STM32F4xx_HAL_Driver/Src/stm32f4xx_hal_spi.o
 .debug_abbrev  0x00000c14      0x21b Drivers/STM32F4xx_HAL_Driver/Src/stm32f4xx_hal_tim.o
 .debug_abbrev  0x00000e2f      0x21b Drivers/STM32F4xx_HAL_Driver/Src/stm32f4xx_hal_tim_ex.o
 .debug_abbrev  0x0000104a      0x255 Src/main.o
 .debug_abbrev  0x0000129f      0x20f Src/stm32f4_discovery_l3gd20.o
 .debug_abbrev  0x000014ae      0x204 Src/stm32f4_discovery_lis302dl.o
 .debug_abbrev  0x000016b2      0x1c7 Src/stm32f4xx_hal_msp.o
 .debug_abbrev  0x00001879      0x107 Src/stm32f4xx_it.o
 .debug_abbrev  0x00001980      0x104 Src/system_stm32f4xx.o
 .debug_abbrev  0x00001a84       0x12 startup/startup_stm32f407xx.o

.debug_loc      0x00000000     0x6d5f
 .debug_loc     0x00000000       0x91 Drivers/STM32F4xx_HAL_Driver/Src/stm32f4xx_hal.o
 .debug_loc     0x00000091      0x548 Drivers/STM32F4xx_HAL_Driver/Src/stm32f4xx_hal_cortex.o
 .debug_loc     0x000005d9      0x38f Drivers/STM32F4xx_HAL_Driver/Src/stm32f4xx_hal_gpio.o
 .debug_loc     0x00000968      0x622 Drivers/STM32F4xx_HAL_Driver/Src/stm32f4xx_hal_rcc.o
 .debug_loc     0x00000f8a     0x17a8 Drivers/STM32F4xx_HAL_Driver/Src/stm32f4xx_hal_spi.o
 .debug_loc     0x00002732     0x3278 Drivers/STM32F4xx_HAL_Driver/Src/stm32f4xx_hal_tim.o
 .debug_loc     0x000059aa      0xd74 Drivers/STM32F4xx_HAL_Driver/Src/stm32f4xx_hal_tim_ex.o
 .debug_loc     0x0000671e       0xc7 Src/main.o
 .debug_loc     0x000067e5      0x16d Src/stm32f4_discovery_l3gd20.o
 .debug_loc     0x00006952      0x23b Src/stm32f4_discovery_lis302dl.o
 .debug_loc     0x00006b8d       0xa0 Src/stm32f4xx_hal_msp.o
 .debug_loc     0x00006c2d      0x132 Src/system_stm32f4xx.o

.debug_aranges  0x00000000      0xaf8
 .debug_aranges
                0x00000000       0xc8 Drivers/STM32F4xx_HAL_Driver/Src/stm32f4xx_hal.o
 .debug_aranges
                0x000000c8       0xa8 Drivers/STM32F4xx_HAL_Driver/Src/stm32f4xx_hal_cortex.o
 .debug_aranges
                0x00000170       0x58 Drivers/STM32F4xx_HAL_Driver/Src/stm32f4xx_hal_gpio.o
 .debug_aranges
                0x000001c8       0x88 Drivers/STM32F4xx_HAL_Driver/Src/stm32f4xx_hal_rcc.o
 .debug_aranges
                0x00000250      0x1c8 Drivers/STM32F4xx_HAL_Driver/Src/stm32f4xx_hal_spi.o
 .debug_aranges
                0x00000418      0x368 Drivers/STM32F4xx_HAL_Driver/Src/stm32f4xx_hal_tim.o
 .debug_aranges
                0x00000780      0x140 Drivers/STM32F4xx_HAL_Driver/Src/stm32f4xx_hal_tim_ex.o
 .debug_aranges
                0x000008c0       0x78 Src/main.o
 .debug_aranges
                0x00000938       0x40 Src/stm32f4_discovery_l3gd20.o
 .debug_aranges
                0x00000978       0x70 Src/stm32f4_discovery_lis302dl.o
 .debug_aranges
                0x000009e8       0x48 Src/stm32f4xx_hal_msp.o
 .debug_aranges
                0x00000a30       0x78 Src/stm32f4xx_it.o
 .debug_aranges
                0x00000aa8       0x28 Src/system_stm32f4xx.o
 .debug_aranges
                0x00000ad0       0x28 startup/startup_stm32f407xx.o

.debug_ranges   0x00000000      0xa20
 .debug_ranges  0x00000000       0xb8 Drivers/STM32F4xx_HAL_Driver/Src/stm32f4xx_hal.o
 .debug_ranges  0x000000b8       0x98 Drivers/STM32F4xx_HAL_Driver/Src/stm32f4xx_hal_cortex.o
 .debug_ranges  0x00000150       0x48 Drivers/STM32F4xx_HAL_Driver/Src/stm32f4xx_hal_gpio.o
 .debug_ranges  0x00000198       0x78 Drivers/STM32F4xx_HAL_Driver/Src/stm32f4xx_hal_rcc.o
 .debug_ranges  0x00000210      0x1b8 Drivers/STM32F4xx_HAL_Driver/Src/stm32f4xx_hal_spi.o
 .debug_ranges  0x000003c8      0x358 Drivers/STM32F4xx_HAL_Driver/Src/stm32f4xx_hal_tim.o
 .debug_ranges  0x00000720      0x130 Drivers/STM32F4xx_HAL_Driver/Src/stm32f4xx_hal_tim_ex.o
 .debug_ranges  0x00000850       0x68 Src/main.o
 .debug_ranges  0x000008b8       0x30 Src/stm32f4_discovery_l3gd20.o
 .debug_ranges  0x000008e8       0x60 Src/stm32f4_discovery_lis302dl.o
 .debug_ranges  0x00000948       0x38 Src/stm32f4xx_hal_msp.o
 .debug_ranges  0x00000980       0x68 Src/stm32f4xx_it.o
 .debug_ranges  0x000009e8       0x18 Src/system_stm32f4xx.o
 .debug_ranges  0x00000a00       0x20 startup/startup_stm32f407xx.o

.debug_macro    0x00000000    0x21b20
 .debug_macro   0x00000000      0x373 Drivers/STM32F4xx_HAL_Driver/Src/stm32f4xx_hal.o
 .debug_macro   0x00000373      0x89e Drivers/STM32F4xx_HAL_Driver/Src/stm32f4xx_hal.o
 .debug_macro   0x00000c11       0x76 Drivers/STM32F4xx_HAL_Driver/Src/stm32f4xx_hal.o
 .debug_macro   0x00000c87      0x180 Drivers/STM32F4xx_HAL_Driver/Src/stm32f4xx_hal.o
 .debug_macro   0x00000e07       0x33 Drivers/STM32F4xx_HAL_Driver/Src/stm32f4xx_hal.o
 .debug_macro   0x00000e3a       0x28 Drivers/STM32F4xx_HAL_Driver/Src/stm32f4xx_hal.o
 .debug_macro   0x00000e62       0x22 Drivers/STM32F4xx_HAL_Driver/Src/stm32f4xx_hal.o
 .debug_macro   0x00000e84       0x87 Drivers/STM32F4xx_HAL_Driver/Src/stm32f4xx_hal.o
 .debug_macro   0x00000f0b       0x44 Drivers/STM32F4xx_HAL_Driver/Src/stm32f4xx_hal.o
 .debug_macro   0x00000f4f       0xfd Drivers/STM32F4xx_HAL_Driver/Src/stm32f4xx_hal.o
 .debug_macro   0x0000104c       0x5e Drivers/STM32F4xx_HAL_Driver/Src/stm32f4xx_hal.o
 .debug_macro   0x000010aa      0x1df Drivers/STM32F4xx_HAL_Driver/Src/stm32f4xx_hal.o
 .debug_macro   0x00001289       0x35 Drivers/STM32F4xx_HAL_Driver/Src/stm32f4xx_hal.o
 .debug_macro   0x000012be       0x50 Drivers/STM32F4xx_HAL_Driver/Src/stm32f4xx_hal.o
 .debug_macro   0x0000130e      0xe66 Drivers/STM32F4xx_HAL_Driver/Src/stm32f4xx_hal.o
 .debug_macro   0x00002174    0x15e04 Drivers/STM32F4xx_HAL_Driver/Src/stm32f4xx_hal.o
 .debug_macro   0x00017f78       0x43 Drivers/STM32F4xx_HAL_Driver/Src/stm32f4xx_hal.o
 .debug_macro   0x00017fbb     0x3574 Drivers/STM32F4xx_HAL_Driver/Src/stm32f4xx_hal.o
 .debug_macro   0x0001b52f       0x52 Drivers/STM32F4xx_HAL_Driver/Src/stm32f4xx_hal.o
 .debug_macro   0x0001b581       0x35 Drivers/STM32F4xx_HAL_Driver/Src/stm32f4xx_hal.o
 .debug_macro   0x0001b5b6       0x9c Drivers/STM32F4xx_HAL_Driver/Src/stm32f4xx_hal.o
 .debug_macro   0x0001b652       0x16 Drivers/STM32F4xx_HAL_Driver/Src/stm32f4xx_hal.o
 .debug_macro   0x0001b668       0x97 Drivers/STM32F4xx_HAL_Driver/Src/stm32f4xx_hal.o
 .debug_macro   0x0001b6ff      0x30d Drivers/STM32F4xx_HAL_Driver/Src/stm32f4xx_hal.o
 .debug_macro   0x0001ba0c       0xfd Drivers/STM32F4xx_HAL_Driver/Src/stm32f4xx_hal.o
 .debug_macro   0x0001bb09       0x10 Drivers/STM32F4xx_HAL_Driver/Src/stm32f4xx_hal.o
 .debug_macro   0x0001bb19       0x52 Drivers/STM32F4xx_HAL_Driver/Src/stm32f4xx_hal.o
 .debug_macro   0x0001bb6b       0x1f Drivers/STM32F4xx_HAL_Driver/Src/stm32f4xx_hal.o
 .debug_macro   0x0001bb8a       0x43 Drivers/STM32F4xx_HAL_Driver/Src/stm32f4xx_hal.o
 .debug_macro   0x0001bbcd       0x20 Drivers/STM32F4xx_HAL_Driver/Src/stm32f4xx_hal.o
 .debug_macro   0x0001bbed      0x187 Drivers/STM32F4xx_HAL_Driver/Src/stm32f4xx_hal.o
 .debug_macro   0x0001bd74       0x10 Drivers/STM32F4xx_HAL_Driver/Src/stm32f4xx_hal.o
 .debug_macro   0x0001bd84       0x1c Drivers/STM32F4xx_HAL_Driver/Src/stm32f4xx_hal.o
 .debug_macro   0x0001bda0       0x52 Drivers/STM32F4xx_HAL_Driver/Src/stm32f4xx_hal.o
 .debug_macro   0x0001bdf2       0x40 Drivers/STM32F4xx_HAL_Driver/Src/stm32f4xx_hal.o
 .debug_macro   0x0001be32       0x10 Drivers/STM32F4xx_HAL_Driver/Src/stm32f4xx_hal.o
 .debug_macro   0x0001be42       0x40 Drivers/STM32F4xx_HAL_Driver/Src/stm32f4xx_hal.o
 .debug_macro   0x0001be82       0xd7 Drivers/STM32F4xx_HAL_Driver/Src/stm32f4xx_hal.o
 .debug_macro   0x0001bf59       0x16 Drivers/STM32F4xx_HAL_Driver/Src/stm32f4xx_hal.o
 .debug_macro   0x0001bf6f      0x18b Drivers/STM32F4xx_HAL_Driver/Src/stm32f4xx_hal.o
 .debug_macro   0x0001c0fa       0x50 Drivers/STM32F4xx_HAL_Driver/Src/stm32f4xx_hal.o
 .debug_macro   0x0001c14a      0x96b Drivers/STM32F4xx_HAL_Driver/Src/stm32f4xx_hal.o
 .debug_macro   0x0001cab5      0x9e1 Drivers/STM32F4xx_HAL_Driver/Src/stm32f4xx_hal.o
 .debug_macro   0x0001d496      0x11e Drivers/STM32F4xx_HAL_Driver/Src/stm32f4xx_hal.o
 .debug_macro   0x0001d5b4      0x13e Drivers/STM32F4xx_HAL_Driver/Src/stm32f4xx_hal.o
 .debug_macro   0x0001d6f2       0x27 Drivers/STM32F4xx_HAL_Driver/Src/stm32f4xx_hal.o
 .debug_macro   0x0001d719      0x287 Drivers/STM32F4xx_HAL_Driver/Src/stm32f4xx_hal.o
 .debug_macro   0x0001d9a0       0x5f Drivers/STM32F4xx_HAL_Driver/Src/stm32f4xx_hal.o
 .debug_macro   0x0001d9ff      0x23a Drivers/STM32F4xx_HAL_Driver/Src/stm32f4xx_hal.o
 .debug_macro   0x0001dc39      0x133 Drivers/STM32F4xx_HAL_Driver/Src/stm32f4xx_hal.o
 .debug_macro   0x0001dd6c      0x21e Drivers/STM32F4xx_HAL_Driver/Src/stm32f4xx_hal.o
 .debug_macro   0x0001df8a       0x2e Drivers/STM32F4xx_HAL_Driver/Src/stm32f4xx_hal.o
 .debug_macro   0x0001dfb8      0x11e Drivers/STM32F4xx_HAL_Driver/Src/stm32f4xx_hal.o
 .debug_macro   0x0001e0d6       0x7f Drivers/STM32F4xx_HAL_Driver/Src/stm32f4xx_hal.o
 .debug_macro   0x0001e155       0x89 Drivers/STM32F4xx_HAL_Driver/Src/stm32f4xx_hal.o
 .debug_macro   0x0001e1de      0x202 Drivers/STM32F4xx_HAL_Driver/Src/stm32f4xx_hal.o
 .debug_macro   0x0001e3e0      0x6e0 Drivers/STM32F4xx_HAL_Driver/Src/stm32f4xx_hal.o
 .debug_macro   0x0001eac0       0x5b Drivers/STM32F4xx_HAL_Driver/Src/stm32f4xx_hal.o
 .debug_macro   0x0001eb1b      0x14d Drivers/STM32F4xx_HAL_Driver/Src/stm32f4xx_hal.o
 .debug_macro   0x0001ec68      0x125 Drivers/STM32F4xx_HAL_Driver/Src/stm32f4xx_hal.o
 .debug_macro   0x0001ed8d      0x313 Drivers/STM32F4xx_HAL_Driver/Src/stm32f4xx_hal_cortex.o
 .debug_macro   0x0001f0a0      0x34b Drivers/STM32F4xx_HAL_Driver/Src/stm32f4xx_hal_gpio.o
 .debug_macro   0x0001f3eb      0x33d Drivers/STM32F4xx_HAL_Driver/Src/stm32f4xx_hal_rcc.o
 .debug_macro   0x0001f728      0x31b Drivers/STM32F4xx_HAL_Driver/Src/stm32f4xx_hal_spi.o
 .debug_macro   0x0001fa43      0x314 Drivers/STM32F4xx_HAL_Driver/Src/stm32f4xx_hal_tim.o
 .debug_macro   0x0001fd57      0x313 Drivers/STM32F4xx_HAL_Driver/Src/stm32f4xx_hal_tim_ex.o
 .debug_macro   0x0002006a      0x373 Src/main.o
 .debug_macro   0x000203dd      0x1fc Src/main.o
 .debug_macro   0x000205d9       0xd6 Src/main.o
 .debug_macro   0x000206af      0x1e1 Src/main.o
 .debug_macro   0x00020890      0x327 Src/stm32f4_discovery_l3gd20.o
 .debug_macro   0x00020bb7       0xd0 Src/stm32f4_discovery_l3gd20.o
 .debug_macro   0x00020c87      0x339 Src/stm32f4_discovery_lis302dl.o
 .debug_macro   0x00020fc0      0x1f6 Src/stm32f4_discovery_lis302dl.o
 .debug_macro   0x000211b6      0x313 Src/stm32f4xx_hal_msp.o
 .debug_macro   0x000214c9      0x339 Src/stm32f4xx_it.o
 .debug_macro   0x00021802      0x31e Src/system_stm32f4xx.o

.debug_line     0x00000000     0x901f
 .debug_line    0x00000000      0x949 Drivers/STM32F4xx_HAL_Driver/Src/stm32f4xx_hal.o
 .debug_line    0x00000949      0x9a6 Drivers/STM32F4xx_HAL_Driver/Src/stm32f4xx_hal_cortex.o
 .debug_line    0x000012ef      0x920 Drivers/STM32F4xx_HAL_Driver/Src/stm32f4xx_hal_gpio.o
 .debug_line    0x00001c0f      0xac6 Drivers/STM32F4xx_HAL_Driver/Src/stm32f4xx_hal_rcc.o
 .debug_line    0x000026d5     0x1114 Drivers/STM32F4xx_HAL_Driver/Src/stm32f4xx_hal_spi.o
 .debug_line    0x000037e9     0x1791 Drivers/STM32F4xx_HAL_Driver/Src/stm32f4xx_hal_tim.o
 .debug_line    0x00004f7a      0xd40 Drivers/STM32F4xx_HAL_Driver/Src/stm32f4xx_hal_tim_ex.o
 .debug_line    0x00005cba      0x96e Src/main.o
 .debug_line    0x00006628      0x82d Src/stm32f4_discovery_l3gd20.o
 .debug_line    0x00006e55      0x8ce Src/stm32f4_discovery_lis302dl.o
 .debug_line    0x00007723      0x81d Src/stm32f4xx_hal_msp.o
 .debug_line    0x00007f40      0x89e Src/stm32f4xx_it.o
 .debug_line    0x000087de      0x7c2 Src/system_stm32f4xx.o
 .debug_line    0x00008fa0       0x7f startup/startup_stm32f407xx.o

.debug_str      0x00000000    0xc38a4
 .debug_str     0x00000000    0xbf226 Drivers/STM32F4xx_HAL_Driver/Src/stm32f4xx_hal.o
                              0xbf5a2 (size before relaxing)
 .debug_str     0x000bf226      0x3b8 Drivers/STM32F4xx_HAL_Driver/Src/stm32f4xx_hal_cortex.o
                              0xbf36a (size before relaxing)
 .debug_str     0x000bf5de      0x28c Drivers/STM32F4xx_HAL_Driver/Src/stm32f4xx_hal_gpio.o
                              0xbecf8 (size before relaxing)
 .debug_str     0x000bf86a      0x39c Drivers/STM32F4xx_HAL_Driver/Src/stm32f4xx_hal_rcc.o
                              0xbeef5 (size before relaxing)
 .debug_str     0x000bfc06      0x907 Drivers/STM32F4xx_HAL_Driver/Src/stm32f4xx_hal_spi.o
                              0xbf2ee (size before relaxing)
 .debug_str     0x000c050d      0xe82 Drivers/STM32F4xx_HAL_Driver/Src/stm32f4xx_hal_tim.o
                              0xbfaee (size before relaxing)
 .debug_str     0x000c138f      0x4f4 Drivers/STM32F4xx_HAL_Driver/Src/stm32f4xx_hal_tim_ex.o
                              0xbf3ae (size before relaxing)
 .debug_str     0x000c1883     0x1aff Src/main.o
                              0xc140d (size before relaxing)
 .debug_str     0x000c3382      0x11d Src/stm32f4_discovery_l3gd20.o
                              0xbf34f (size before relaxing)
 .debug_str     0x000c349f      0x296 Src/stm32f4_discovery_lis302dl.o
                              0xbfcdb (size before relaxing)
 .debug_str     0x000c3735       0x25 Src/stm32f4xx_hal_msp.o
                              0xbf62d (size before relaxing)
 .debug_str     0x000c375a       0xf0 Src/stm32f4xx_it.o
                              0xbfa0e (size before relaxing)
 .debug_str     0x000c384a       0x5a Src/system_stm32f4xx.o
                              0xbeae0 (size before relaxing)

.comment        0x00000000       0x6e
 .comment       0x00000000       0x6e Drivers/STM32F4xx_HAL_Driver/Src/stm32f4xx_hal.o
                                 0x6f (size before relaxing)
 .comment       0x0000006e       0x6f Drivers/STM32F4xx_HAL_Driver/Src/stm32f4xx_hal_cortex.o
 .comment       0x0000006e       0x6f Drivers/STM32F4xx_HAL_Driver/Src/stm32f4xx_hal_gpio.o
 .comment       0x0000006e       0x6f Drivers/STM32F4xx_HAL_Driver/Src/stm32f4xx_hal_rcc.o
 .comment       0x0000006e       0x6f Drivers/STM32F4xx_HAL_Driver/Src/stm32f4xx_hal_spi.o
 .comment       0x0000006e       0x6f Drivers/STM32F4xx_HAL_Driver/Src/stm32f4xx_hal_tim.o
 .comment       0x0000006e       0x6f Drivers/STM32F4xx_HAL_Driver/Src/stm32f4xx_hal_tim_ex.o
 .comment       0x0000006e       0x6f Src/main.o
 .comment       0x0000006e       0x6f Src/stm32f4_discovery_l3gd20.o
 .comment       0x0000006e       0x6f Src/stm32f4_discovery_lis302dl.o
 .comment       0x0000006e       0x6f Src/stm32f4xx_hal_msp.o
 .comment       0x0000006e       0x6f Src/stm32f4xx_it.o
 .comment       0x0000006e       0x6f Src/system_stm32f4xx.o

.debug_frame    0x00000000     0x1dbc
 .debug_frame   0x00000000      0x198 Drivers/STM32F4xx_HAL_Driver/Src/stm32f4xx_hal.o
 .debug_frame   0x00000198      0x154 Drivers/STM32F4xx_HAL_Driver/Src/stm32f4xx_hal_cortex.o
 .debug_frame   0x000002ec       0xc4 Drivers/STM32F4xx_HAL_Driver/Src/stm32f4xx_hal_gpio.o
 .debug_frame   0x000003b0      0x150 Drivers/STM32F4xx_HAL_Driver/Src/stm32f4xx_hal_rcc.o
 .debug_frame   0x00000500      0x548 Drivers/STM32F4xx_HAL_Driver/Src/stm32f4xx_hal_spi.o
 .debug_frame   0x00000a48      0x9cc Drivers/STM32F4xx_HAL_Driver/Src/stm32f4xx_hal_tim.o
 .debug_frame   0x00001414      0x3b0 Drivers/STM32F4xx_HAL_Driver/Src/stm32f4xx_hal_tim_ex.o
 .debug_frame   0x000017c4      0x144 Src/main.o
 .debug_frame   0x00001908       0xa4 Src/stm32f4_discovery_l3gd20.o
 .debug_frame   0x000019ac      0x174 Src/stm32f4_discovery_lis302dl.o
 .debug_frame   0x00001b20       0xac Src/stm32f4xx_hal_msp.o
 .debug_frame   0x00001bcc       0xe0 Src/stm32f4xx_it.o
 .debug_frame   0x00001cac       0x30 Src/system_stm32f4xx.o
 .debug_frame   0x00001cdc       0x20 f:/stm/plugins/fr.ac6.mcu.externaltools.arm-none.win32_1.13.2.201705091103/tools/compiler/bin/../lib/gcc/arm-none-eabi/5.4.1/../../../../arm-none-eabi/lib/armv7e-m/fpu\libm.a(lib_a-wf_atan2.o)
 .debug_frame   0x00001cfc       0x48 f:/stm/plugins/fr.ac6.mcu.externaltools.arm-none.win32_1.13.2.201705091103/tools/compiler/bin/../lib/gcc/arm-none-eabi/5.4.1/../../../../arm-none-eabi/lib/armv7e-m/fpu\libm.a(lib_a-ef_atan2.o)
 .debug_frame   0x00001d44       0x2c f:/stm/plugins/fr.ac6.mcu.externaltools.arm-none.win32_1.13.2.201705091103/tools/compiler/bin/../lib/gcc/arm-none-eabi/5.4.1/../../../../arm-none-eabi/lib/armv7e-m/fpu\libm.a(lib_a-sf_atan.o)
 .debug_frame   0x00001d70       0x20 f:/stm/plugins/fr.ac6.mcu.externaltools.arm-none.win32_1.13.2.201705091103/tools/compiler/bin/../lib/gcc/arm-none-eabi/5.4.1/../../../../arm-none-eabi/lib/armv7e-m/fpu\libm.a(lib_a-sf_fabs.o)
 .debug_frame   0x00001d90       0x2c f:/stm/plugins/fr.ac6.mcu.externaltools.arm-none.win32_1.13.2.201705091103/tools/compiler/bin/../lib/gcc/arm-none-eabi/5.4.1/../../../../arm-none-eabi/lib/armv7e-m/fpu\libc_nano.a(lib_a-init.o)
